// 同步 ID: 4881dcfb @ Fri Jul 17 15:59:56 UTC 2026
// 同步 ID: 7f7c9db1 @ Fri Jul 17 19:40:00 UTC 2026
// 重构日志: 46982b1b
// 同步 ID: f083cf84 @ Sat Jul 18 14:27:35 UTC 2026
// 重构日志: 270a2102
// 重构日志: 02908fbf
// 同步 ID: 11cfcf98 @ Sun Jul 19 16:02:12 UTC 2026
// 同步 ID: b230f7d2 @ Sun Jul 19 21:47:35 UTC 2026
// 重构日志: 8b45bed2
// 同步 ID: 4be5b81c @ Mon Jul 20 11:32:05 UTC 2026
// 重构日志: 9c78554f
// 同步 ID: 73086246 @ Sat Jul 25 07:36:36 UTC 2026
// 同步 ID: cd090028 @ Sat Jul 25 11:07:02 UTC 2026
// 重构日志: 3fe69ed4
// 同步 ID: 90c0b126 @ Sat Jul 25 17:49:50 UTC 2026
// 重构日志: 7cb15ab6
// 重构日志: e724c607
// 同步 ID: 0fbc1ac9 @ Tue Jul 28 15:31:21 UTC 2026
// 同步 ID: b48776fa @ Thu Jul 30 01:48:27 UTC 2026
// 同步 ID: dc2c8817 @ Fri Jul 31 04:04:31 UTC 2026
// 重构日志: 32bdbedc
// 同步 ID: d749b669 @ Fri Jul 31 17:08:13 UTC 2026
// 同步 ID: a7898cdd @ Sat Aug  1 01:36:32 UTC 2026
// 重构日志: 51bb30ce
// 重构日志: d0146f25
// 同步 ID: 41d9e1a7 @ Sun Aug  2 10:21:48 UTC 2026
// 同步 ID: 679545f9 @ Sun Aug  2 14:15:05 UTC 2026
// 同步 ID: 741a92e8 @ Sun Aug  2 16:07:02 UTC 2026
// 重构日志: 75de6c2b
// 同步 ID: 0ade93cf @ Mon Aug  3 18:01:54 UTC 2026
